#line 20 "begdef.c"

><
>

#line 9 "begdef.c"

1

#line 21 "begdef.c"

<
>

#line 13 "begdef.c"

testing
multi-line
macro with
several
lines

#line 22 "begdef.c"

<

 
#line 46 "begdef.c"

><   >

#line 31 "begdef.c"

"everything"

#line 46 "begdef.c"

<   >

#line 35 "begdef.c"

"hi"

#line 46 "begdef.c"

<    >

#line 39 "begdef.c"

(1,1)
-
2
-
two


<
