#line 2 "condexpr.c"

yes

#line 10 "condexpr.c"

no



yes

#line 22 "condexpr.c"

no

#line 28 "condexpr.c"

no

#line 34 "condexpr.c"

yes

#line 40 "condexpr.c"

yes

#line 48 "condexpr.c"

no

#line 54 "condexpr.c"

no



yes

#line 64 "condexpr.c"

yes

#line 72 "condexpr.c"

no



yes

#line 84 "condexpr.c"

no



yes

#line 96 "condexpr.c"

no



yes

#line 108 "condexpr.c"

no



yes

#line 122 "condexpr.c"

no



yes

#line 132 "condexpr.c"

yes

#line 138 "condexpr.c"

yes

#line 144 "condexpr.c"

yes

#line 152 "condexpr.c"

no



yes

#line 164 "condexpr.c"

no



yes

#line 176 "condexpr.c"

no



yes

#line 186 "condexpr.c"

yes

#line 192 "condexpr.c"

yes

#line 198 "condexpr.c"

yes

#line 204 "condexpr.c"

yes

#line 210 "condexpr.c"

yes

#line 216 "condexpr.c"

yes

#line 222 "condexpr.c"

yes

#line 228 "condexpr.c"

yes

#line 234 "condexpr.c"

yes

#line 240 "condexpr.c"

yes

#line 246 "condexpr.c"

yes

#line 252 "condexpr.c"

yes

#line 260 "condexpr.c"

no



yes

#line 270 "condexpr.c"

yes

#line 279 "condexpr.c"

yes
