#line 3 "elif.c"

1

#line 11 "elif.c"

4

#line 17 "elif.c"

6

#line 27 "elif.c"

10



11

#line 43 "elif.c"

16

#line 55 "elif.c"

21

#line 67 "elif.c"

25
