#line 5 "emptyif.c"

a

#line 11 "emptyif.c"

b

#line 21 "emptyif.c"

c

#line 32 "emptyif.c"

d

#line 40 "emptyif.c"

e
