pp: File errif4.c; Line 3: invalid context for #else
