pp: File errif8.c; Line 5: no matching #endif for #elif
