#line 2 "errif5.c"

xxx
pp: File errif5.c; Line 4: invalid context for #endif
