pp: File errif1.c; Line 3: syntax error in condition of #if
