pp: File errinc3.c; Line 3: cannot open include file garbage.h
