pp: File errinc1.c; Line 3: file name missing from #include
