pp: File errif2.c; Line 5: octal escape sequece larger than a character
