pp: File errif12.c; Line 5: syntax error in condition of #elif
