#line 4 "errif7.c"

one

two
pp: File errif7.c; Line 3: no matching #endif for #if
