pp: File errif10.c; Line 3: identifier must follow #ifndef
