pp: File errif6.c; Line 5: invalid context for #elif
