pp: File errif3.c; Line 3: hex escape sequece larger than a character
