pp: File errinc4.c; Line 3: invalid include file syntax
