pp: File errlin4.c; Line 3: syntax error in #line
