pp: File errlin3.c; Line 3: syntax error in #line
