pp: File errmac17.c; Line 4: invalid redefinition of macro f
