pp: File errmac4.c; Line 3: unexpected end-of-file in #begdef
