pp: File errmac20.c; Line 3: syntax error in #begdef
