pp: File errmac1.c; Line 4: too few arguments for macro call to m
