pp: File errmac21.c; Line 3: #undef requires an identifier argument
