pp: File errmac14.c; Line 3: syntax error in #define
