pp: File errmac18.c; Line 4: invalid redefinition of macro m
