pp: File errmac5.c; Line 3: the # operator may only be applied to a macro argument
