pp: File errmac11.c; Line 3: invalid redefinition of macro __TIME__
