pp: File errmac10.c; Line 3: invalid redefinition of macro __DATE__
