pp: File errmac8.c; Line 3: invalid redefinition of macro __LINE__
