pp: File errmac6.c; Line 3: # preprocessing expression must not cross directive boundary
