pp: File errmac7.c; Line 3: ## preprocessing expression must not cross directive boundary
