#line 1 "glnargs.c"

5

#line 2 "glnargs.h"

1
3

