#line 4 "glncond.c"

3
4

#line 1 "glncond.h"

5
6

#line 7 "glncond.h"

>8<

#line 8 "glncond.c"

9
10
