#line 1 "glnincl1.h"
__STDC__

#line 1 "glnincl2.h"
c

#line 2 "glnincl1.h"

b

#line 1 "glnincl.c"

a
