#line 1 "dir1/dir11/../incl1.h"
v

#line 1 "dir1/dir11/../incl1_1.h"
"this is incl1_1.h"

#line 2 "dir1/dir11/../incl1.h"

w

#line 1 "dir1/dir11/incl2_1.h"
"this is incl2_1.h"

#line 4 "dir1/dir11/../incl1.h"

x

#line 1 "incl0.h"
"this is incl0.h"

#line 6 "dir1/dir11/../incl1.h"

y

#line 1 "include.c"

base file
