#line 1 "dir1/stdio.h"
dir1/stdio.h

#line 1 "dir1/stdio.h"
dir1/stdio.h
