#line 99 "linemac.c"

xxx

#line 1 "one.h"
yyy

#line 99 "two.h"

zzz
