#line 13 "macnest.c"

x
a1
b1

#line 10 "macnest.c"

      1
   
#line 6 "macnest.c"

         01
         02
         03
      
#line 19 "macnest.c"

b1

#line 10 "macnest.c"

      2
   
#line 6 "macnest.c"

         01
         02
         03
      
#line 6 "macnest.c"

         01
         02
         03
      
#line 1 "macnest.h"
"macnest.h"


#line 31 "macnest.c"

a_true

a_false

