#line 2 "oct_hex.c"

"\0011",
"\0011",
"\181",
"\01\01",
"\018",
"abc\2d\0000",
"\0770\1",

"\377f\xffg",
"\x0a\0000\x0x"
