#line 2 "paste.c"

www xxxyy zzz

12.7
1 2 34 5 6
1 23
12 3
x
one two
()
-7

x yx yx y
L"x y"
bx yc
x ybx y

#line 14 "paste.c"

L""
bc
b

