#line 3 "recurse.c"

1

#line 3 "recurse.c"

1+1

#line 3 "recurse.c"

1+1+1

#line 3 "recurse.c"

1+1+1+1



f(1+1+1+1+1)

#line 14 "recurse.c"

test of recursion

#line 14 "recurse.c"

test of recursion

#line 14 "recurse.c"

test of recursion

#line 14 "recurse.c"

limited recursion

#line 14 "recurse.c"

limited recursion
f(limited recursion, 4-1-1)

