#line 1 "special.c"
1, "special.c",
"Nov 16 1988", "16:15:11"

#line 1 "special.h"
__STDC__, 1,
2, "special.h",

#line 3 "special.c"

4, "special.c",


__STDC__, __RCRS__,


"stdc", 1000,
11, "special.c",
