#line 2 "stringiz.c"

>""<
>"1"<
>"1 2 3"<
>"\"hi\""<
>"1 \"bye\" 2"<
>"'\\n'"<
>"\"\\x01\\n\""<

"name",
  "+"

