#line 12 "/usr/include/ctype.h"

extern	char	_ctype_[];

#line 1 "sys.c"

((_ctype_+1)['a']&(01|02))

 
#line 12 "/usr/include/ctype.h"

extern	char	_ctype_[];

#line 6 "sys.c"

((_ctype_+1)['b']&(01|02))
