#line 2 "wh_sp.c"

"abc"

#line 16 "wh_sp.c"

-">******"

