000
001
002
003
004
005
006
007
010
011

(
*
)
((
(*
()
*(
**
*)
)(
)*
))
(((
((*
(()
(*(
(**
(*)
()(
