
e
g
g
p
l
and
n
t
s

 e
 g
 g
 p
 l
 a
and
 t
 s

p
u
r
p
l
elephants

 p
 u
 r
 p
elephants
 e

  p
  u
  r
  p
  l
elephants

elephants
   u
   r
   p
   l
   e

   p
   u
   r
elephants
   l
   e
