 Q . . . . . . .
 . . . . . . Q .
 . . . . Q . . .
 . . . . . . . Q
 . Q . . . . . .
 . . . Q . . . .
 . . . . . Q . .
 . . Q . . . . .
ok?
 Q . . . . . . .
 . . . . . . Q .
 . . . Q . . . .
 . . . . . Q . .
 . . . . . . . Q
 . Q . . . . . .
 . . . . Q . . .
 . . Q . . . . .
ok?
 Q . . . . . . .
 . . . . . Q . .
 . . . . . . . Q
 . . Q . . . . .
 . . . . . . Q .
 . . . Q . . . .
 . Q . . . . . .
 . . . . Q . . .
ok?
 Q . . . . . . .
 . . . . Q . . .
 . . . . . . . Q
 . . . . . Q . .
 . . Q . . . . .
 . . . . . . Q .
 . Q . . . . . .
 . . . Q . . . .
ok?
 . . . . . Q . .
 Q . . . . . . .
 . . . . Q . . .
 . Q . . . . . .
 . . . . . . . Q
 . . Q . . . . .
 . . . . . . Q .
 . . . Q . . . .
ok?
 . . . Q . . . .
 Q . . . . . . .
 . . . . Q . . .
 . . . . . . . Q
 . Q . . . . . .
 . . . . . . Q .
 . . Q . . . . .
 . . . . . Q . .
ok?
 . . . . Q . . .
 Q . . . . . . .
 . . . . . . . Q
 . . . Q . . . .
 . Q . . . . . .
 . . . . . . Q .
 . . Q . . . . .
 . . . . . Q . .
ok?
 . . Q . . . . .
 Q . . . . . . .
 . . . . . . Q .
 . . . . Q . . .
 . . . . . . . Q
 . Q . . . . . .
 . . . Q . . . .
 . . . . . Q . .
ok?
 . . . . Q . . .
 Q . . . . . . .
 . . . Q . . . .
 . . . . . Q . .
 . . . . . . . Q
 . Q . . . . . .
 . . . . . . Q .
 . . Q . . . . .
ok?
 . . . . . . Q .
 Q . . . . . . .
 . . Q . . . . .
 . . . . . . . Q
 . . . . . Q . .
 . . . Q . . . .
 . Q . . . . . .
 . . . . Q . . .
ok?
 . . . . Q . . .
 Q . . . . . . .
 . . . . . . . Q
 . . . . . Q . .
 . . Q . . . . .
 . . . . . . Q .
 . Q . . . . . .
 . . . Q . . . .
ok?
 . . . Q . . . .
 Q . . . . . . .
 . . . . Q . . .
 . . . . . . . Q
 . . . . . Q . .
 . . Q . . . . .
 . . . . . . Q .
 . Q . . . . . .
ok?
 . Q . . . . . .
 . . . . . Q . .
 Q . . . . . . .
 . . . . . . Q .
 . . . Q . . . .
 . . . . . . . Q
 . . Q . . . . .
 . . . . Q . . .
ok?
 . . . . Q . . .
 . . Q . . . . .
 Q . . . . . . .
 . . . . . . Q .
 . Q . . . . . .
 . . . . . . . Q
 . . . . . Q . .
 . . . Q . . . .
ok?
 . . . . . . . Q
 . . Q . . . . .
 Q . . . . . . .
 . . . . . Q . .
 . Q . . . . . .
 . . . . Q . . .
 . . . . . . Q .
 . . . Q . . . .
ok?
 . . . Q . . . .
 . . . . . Q . .
 Q . . . . . . .
 . . . . Q . . .
 . Q . . . . . .
 . . . . . . . Q
 . . Q . . . . .
 . . . . . . Q .
ok?
 . . . . Q . . .
 . . . . . . Q .
 Q . . . . . . .
 . . . Q . . . .
 . Q . . . . . .
 . . . . . . . Q
 . . . . . Q . .
 . . Q . . . . .
ok?
 . . . . . Q . .
 . . Q . . . . .
 Q . . . . . . .
 . . . . . . . Q
 . . . Q . . . .
 . Q . . . . . .
 . . . . . . Q .
 . . . . Q . . .
ok?
 . . . . Q . . .
 . . Q . . . . .
 Q . . . . . . .
 . . . . . Q . .
 . . . . . . . Q
 . Q . . . . . .
 . . . Q . . . .
 . . . . . . Q .
ok?
 . . . . . Q . .
 . . Q . . . . .
 Q . . . . . . .
 . . . . . . . Q
 . . . . Q . . .
 . Q . . . . . .
 . . . Q . . . .
 . . . . . . Q .
ok?
 . . . Q . . . .
 . . . . . . . Q
 Q . . . . . . .
 . . Q . . . . .
 . . . . . Q . .
 . Q . . . . . .
 . . . . . . Q .
 . . . . Q . . .
ok?
 . . . . . . . Q
 . . . Q . . . .
 Q . . . . . . .
 . . Q . . . . .
 . . . . . Q . .
 . Q . . . . . .
 . . . . . . Q .
 . . . . Q . . .
ok?
 . . . Q . . . .
 . . . . . . . Q
 Q . . . . . . .
 . . . . Q . . .
 . . . . . . Q .
 . Q . . . . . .
 . . . . . Q . .
 . . Q . . . . .
ok?
 . . . Q . . . .
 . . . . . . Q .
 Q . . . . . . .
 . . . . . . . Q
 . . . . Q . . .
 . Q . . . . . .
 . . . . . Q . .
 . . Q . . . . .
ok?
 . . . . . Q . .
 . . . Q . . . .
 Q . . . . . . .
 . . . . Q . . .
 . . . . . . . Q
 . Q . . . . . .
 . . . . . . Q .
 . . Q . . . . .
ok?
 . . . . . Q . .
 . . Q . . . . .
 Q . . . . . . .
 . . . . . . Q .
 . . . . Q . . .
 . . . . . . . Q
 . Q . . . . . .
 . . . Q . . . .
ok?
 . . . . . . Q .
 . . Q . . . . .
 Q . . . . . . .
 . . . . . Q . .
 . . . . . . . Q
 . . . . Q . . .
 . Q . . . . . .
 . . . Q . . . .
ok?
 . . . . Q . . .
 . . . . . . Q .
 Q . . . . . . .
 . . Q . . . . .
 . . . . . . . Q
 . . . . . Q . .
 . . . Q . . . .
 . Q . . . . . .
ok?
 . Q . . . . . .
 . . . . Q . . .
 . . . . . . Q .
 Q . . . . . . .
 . . Q . . . . .
 . . . . . . . Q
 . . . . . Q . .
 . . . Q . . . .
ok?
 . Q . . . . . .
 . . . . . . . Q
 . . . . . Q . .
 Q . . . . . . .
 . . Q . . . . .
 . . . . Q . . .
 . . . . . . Q .
 . . . Q . . . .
ok?
 . . . . . Q . .
 . Q . . . . . .
 . . . . . . Q .
 Q . . . . . . .
 . . Q . . . . .
 . . . . Q . . .
 . . . . . . . Q
 . . . Q . . . .
ok?
 . . . . . . Q .
 . Q . . . . . .
 . . . Q . . . .
 Q . . . . . . .
 . . . . . . . Q
 . . . . Q . . .
 . . Q . . . . .
 . . . . . Q . .
ok?
 . . . . . . . Q
 . Q . . . . . .
 . . . Q . . . .
 Q . . . . . . .
 . . . . . . Q .
 . . . . Q . . .
 . . Q . . . . .
 . . . . . Q . .
ok?
 . . . . Q . . .
 . Q . . . . . .
 . . . . . . . Q
 Q . . . . . . .
 . . . Q . . . .
 . . . . . . Q .
 . . Q . . . . .
 . . . . . Q . .
ok?
 . . . . . Q . .
 . Q . . . . . .
 . . . . . . Q .
 Q . . . . . . .
 . . . Q . . . .
 . . . . . . . Q
 . . . . Q . . .
 . . Q . . . . .
ok?
 . . . . Q . . .
 . Q . . . . . .
 . . . . . Q . .
 Q . . . . . . .
 . . . . . . Q .
 . . . Q . . . .
 . . . . . . . Q
 . . Q . . . . .
ok?
 . . Q . . . . .
 . . . . Q . . .
 . . . . . . Q .
 Q . . . . . . .
 . . . Q . . . .
 . Q . . . . . .
 . . . . . . . Q
 . . . . . Q . .
ok?
 . . . . . Q . .
 . . . Q . . . .
 . . . . . . Q .
 Q . . . . . . .
 . . . . . . . Q
 . Q . . . . . .
 . . . . Q . . .
 . . Q . . . . .
ok?
 . . . . Q . . .
 . . . . . . . Q
 . . . Q . . . .
 Q . . . . . . .
 . . . . . . Q .
 . Q . . . . . .
 . . . . . Q . .
 . . Q . . . . .
ok?
 . . Q . . . . .
 . . . . . Q . .
 . . . . . . . Q
 Q . . . . . . .
 . . . . Q . . .
 . . . . . . Q .
 . Q . . . . . .
 . . . Q . . . .
ok?
 . . . . . . Q .
 . . . . Q . . .
 . . Q . . . . .
 Q . . . . . . .
 . . . . . Q . .
 . . . . . . . Q
 . Q . . . . . .
 . . . Q . . . .
ok?
 . . . . . Q . .
 . . . Q . . . .
 . . . . . . Q .
 Q . . . . . . .
 . . Q . . . . .
 . . . . Q . . .
 . Q . . . . . .
 . . . . . . . Q
ok?
 . . . . Q . . .
 . . . . . . . Q
 . . . Q . . . .
 Q . . . . . . .
 . . Q . . . . .
 . . . . . Q . .
 . Q . . . . . .
 . . . . . . Q .
ok?
 . . Q . . . . .
 . . . . . Q . .
 . . . Q . . . .
 Q . . . . . . .
 . . . . . . . Q
 . . . . Q . . .
 . . . . . . Q .
 . Q . . . . . .
ok?
 . . Q . . . . .
 . . . . . Q . .
 . . . . . . . Q
 Q . . . . . . .
 . . . Q . . . .
 . . . . . . Q .
 . . . . Q . . .
 . Q . . . . . .
ok?
 . . . . Q . . .
 . . . . . . Q .
 . . . Q . . . .
 Q . . . . . . .
 . . Q . . . . .
 . . . . . . . Q
 . . . . . Q . .
 . Q . . . . . .
ok?
 . Q . . . . . .
 . . . . . Q . .
 . . . . . . . Q
 . . Q . . . . .
 Q . . . . . . .
 . . . Q . . . .
 . . . . . . Q .
 . . . . Q . . .
ok?
 . Q . . . . . .
 . . . . Q . . .
 . . . . . . Q .
 . . . Q . . . .
 Q . . . . . . .
 . . . . . . . Q
 . . . . . Q . .
 . . Q . . . . .
ok?
 . Q . . . . . .
 . . . . . . Q .
 . . . . Q . . .
 . . . . . . . Q
 Q . . . . . . .
 . . . Q . . . .
 . . . . . Q . .
 . . Q . . . . .
ok?
 . . . . . . Q .
 . Q . . . . . .
 . . . . . Q . .
 . . Q . . . . .
 Q . . . . . . .
 . . . Q . . . .
 . . . . . . . Q
 . . . . Q . . .
ok?
 . . . . . . . Q
 . Q . . . . . .
 . . . . Q . . .
 . . Q . . . . .
 Q . . . . . . .
 . . . . . . Q .
 . . . Q . . . .
 . . . . . Q . .
ok?
 . . . Q . . . .
 . Q . . . . . .
 . . . . . . . Q
 . . . . . Q . .
 Q . . . . . . .
 . . Q . . . . .
 . . . . Q . . .
 . . . . . . Q .
ok?
 . . . Q . . . .
 . Q . . . . . .
 . . . . . . Q .
 . . . . Q . . .
 Q . . . . . . .
 . . . . . . . Q
 . . . . . Q . .
 . . Q . . . . .
ok?
 . . Q . . . . .
 . . . . . Q . .
 . Q . . . . . .
 . . . . . . Q .
 Q . . . . . . .
 . . . Q . . . .
 . . . . . . . Q
 . . . . Q . . .
ok?
 . . Q . . . . .
 . . . . Q . . .
 . Q . . . . . .
 . . . . . . . Q
 Q . . . . . . .
 . . . . . . Q .
 . . . Q . . . .
 . . . . . Q . .
ok?
 . . . . . Q . .
 . . . . . . . Q
 . Q . . . . . .
 . . . Q . . . .
 Q . . . . . . .
 . . . . . . Q .
 . . . . Q . . .
 . . Q . . . . .
ok?
 . . Q . . . . .
 . . . . . . . Q
 . . . Q . . . .
 . . . . . . Q .
 Q . . . . . . .
 . . . . . Q . .
 . Q . . . . . .
 . . . . Q . . .
ok?
 . . Q . . . . .
 . . . . Q . . .
 . . . . . . . Q
 . . . Q . . . .
 Q . . . . . . .
 . . . . . . Q .
 . Q . . . . . .
 . . . . . Q . .
ok?
 . . . . . Q . .
 . . Q . . . . .
 . . . . . . Q .
 . . . Q . . . .
 Q . . . . . . .
 . . . . . . . Q
 . Q . . . . . .
 . . . . Q . . .
ok?
 . . . . . Q . .
 . . Q . . . . .
 . . . . Q . . .
 . . . . . . Q .
 Q . . . . . . .
 . . . Q . . . .
 . Q . . . . . .
 . . . . . . . Q
ok?
 . . . . . Q . .
 . . Q . . . . .
 . . . . Q . . .
 . . . . . . . Q
 Q . . . . . . .
 . . . Q . . . .
 . Q . . . . . .
 . . . . . . Q .
ok?
 . . . Q . . . .
 . . . . . . . Q
 . . . . Q . . .
 . . Q . . . . .
 Q . . . . . . .
 . . . . . . Q .
 . Q . . . . . .
 . . . . . Q . .
ok?
 . . . Q . . . .
 . . . . . . Q .
 . . . . Q . . .
 . . Q . . . . .
 Q . . . . . . .
 . . . . . Q . .
 . . . . . . . Q
 . Q . . . . . .
ok?
 . . . Q . . . .
 . . . . . Q . .
 . . . . . . . Q
 . . Q . . . . .
 Q . . . . . . .
 . . . . . . Q .
 . . . . Q . . .
 . Q . . . . . .
ok?
 . Q . . . . . .
 . . . Q . . . .
 . . . . . Q . .
 . . . . . . . Q
 . . Q . . . . .
 Q . . . . . . .
 . . . . . . Q .
 . . . . Q . . .
ok?
 . . . Q . . . .
 . Q . . . . . .
 . . . . Q . . .
 . . . . . . . Q
 . . . . . Q . .
 Q . . . . . . .
 . . Q . . . . .
 . . . . . . Q .
ok?
 . . . Q . . . .
 . Q . . . . . .
 . . . . . . . Q
 . . . . Q . . .
 . . . . . . Q .
 Q . . . . . . .
 . . Q . . . . .
 . . . . . Q . .
ok?
 . . Q . . . . .
 . . . . . . Q .
 . Q . . . . . .
 . . . . . . . Q
 . . . . Q . . .
 Q . . . . . . .
 . . . Q . . . .
 . . . . . Q . .
ok?
 . . Q . . . . .
 . . . . . Q . .
 . Q . . . . . .
 . . . . Q . . .
 . . . . . . . Q
 Q . . . . . . .
 . . . . . . Q .
 . . . Q . . . .
ok?
 . . Q . . . . .
 . . . . . Q . .
 . Q . . . . . .
 . . . . . . Q .
 . . . . Q . . .
 Q . . . . . . .
 . . . . . . . Q
 . . . Q . . . .
ok?
 . . . . Q . . .
 . . . . . . Q .
 . Q . . . . . .
 . . . . . Q . .
 . . Q . . . . .
 Q . . . . . . .
 . . . Q . . . .
 . . . . . . . Q
ok?
 . . . . Q . . .
 . . . . . . Q .
 . Q . . . . . .
 . . . . . Q . .
 . . Q . . . . .
 Q . . . . . . .
 . . . . . . . Q
 . . . Q . . . .
ok?
 . . . . . . Q .
 . . . Q . . . .
 . Q . . . . . .
 . . . . Q . . .
 . . . . . . . Q
 Q . . . . . . .
 . . Q . . . . .
 . . . . . Q . .
ok?
 . . . . . . Q .
 . . . Q . . . .
 . Q . . . . . .
 . . . . . . . Q
 . . . . . Q . .
 Q . . . . . . .
 . . Q . . . . .
 . . . . Q . . .
ok?
 . . . . Q . . .
 . . . . . . Q .
 . Q . . . . . .
 . . . Q . . . .
 . . . . . . . Q
 Q . . . . . . .
 . . Q . . . . .
 . . . . . Q . .
ok?
 . . Q . . . . .
 . . . . . Q . .
 . . . . . . . Q
 . Q . . . . . .
 . . . Q . . . .
 Q . . . . . . .
 . . . . . . Q .
 . . . . Q . . .
ok?
 . . . . . . Q .
 . . Q . . . . .
 . . . . . . . Q
 . Q . . . . . .
 . . . . Q . . .
 Q . . . . . . .
 . . . . . Q . .
 . . . Q . . . .
ok?
 . . . Q . . . .
 . . . . . . Q .
 . . . . Q . . .
 . Q . . . . . .
 . . . . . Q . .
 Q . . . . . . .
 . . Q . . . . .
 . . . . . . . Q
ok?
 . . . Q . . . .
 . . . . . Q . .
 . . . . . . . Q
 . Q . . . . . .
 . . . . . . Q .
 Q . . . . . . .
 . . Q . . . . .
 . . . . Q . . .
ok?
 . . . . Q . . .
 . . Q . . . . .
 . . . . . . . Q
 . . . Q . . . .
 . . . . . . Q .
 Q . . . . . . .
 . . . . . Q . .
 . Q . . . . . .
ok?
 . Q . . . . . .
 . . . . . . Q .
 . . Q . . . . .
 . . . . . Q . .
 . . . . . . . Q
 . . . . Q . . .
 Q . . . . . . .
 . . . Q . . . .
ok?
 . . . Q . . . .
 . Q . . . . . .
 . . . . . . Q .
 . . Q . . . . .
 . . . . . Q . .
 . . . . . . . Q
 Q . . . . . . .
 . . . . Q . . .
ok?
 . . . . Q . . .
 . Q . . . . . .
 . . . Q . . . .
 . . . . . Q . .
 . . . . . . . Q
 . . Q . . . . .
 Q . . . . . . .
 . . . . . . Q .
ok?
 . . Q . . . . .
 . . . . . . Q .
 . Q . . . . . .
 . . . . . . . Q
 . . . . . Q . .
 . . . Q . . . .
 Q . . . . . . .
 . . . . Q . . .
ok?
 . . . . . Q . .
 . . . Q . . . .
 . Q . . . . . .
 . . . . . . . Q
 . . . . Q . . .
 . . . . . . Q .
 Q . . . . . . .
 . . Q . . . . .
ok?
 . . . . . Q . .
 . . Q . . . . .
 . . . . . . Q .
 . Q . . . . . .
 . . . Q . . . .
 . . . . . . . Q
 Q . . . . . . .
 . . . . Q . . .
ok?
 . . . . . Q . .
 . . Q . . . . .
 . . . . . . Q .
 . Q . . . . . .
 . . . . . . . Q
 . . . . Q . . .
 Q . . . . . . .
 . . . Q . . . .
ok?
 . . . Q . . . .
 . . . . . . Q .
 . . Q . . . . .
 . . . . . . . Q
 . Q . . . . . .
 . . . . Q . . .
 Q . . . . . . .
 . . . . . Q . .
ok?
 . . . Q . . . .
 . Q . . . . . .
 . . . . . . Q .
 . . Q . . . . .
 . . . . . Q . .
 . . . . . . . Q
 . . . . Q . . .
 Q . . . . . . .
ok?
 . . . . Q . . .
 . Q . . . . . .
 . . . Q . . . .
 . . . . . . Q .
 . . Q . . . . .
 . . . . . . . Q
 . . . . . Q . .
 Q . . . . . . .
ok?
 . . Q . . . . .
 . . . . Q . . .
 . Q . . . . . .
 . . . . . . . Q
 . . . . . Q . .
 . . . Q . . . .
 . . . . . . Q .
 Q . . . . . . .
ok?
 . . Q . . . . .
 . . . . . Q . .
 . . . Q . . . .
 . Q . . . . . .
 . . . . . . . Q
 . . . . Q . . .
 . . . . . . Q .
 Q . . . . . . .
ok?
